\BOOKMARK [0][-]{chapter.1}{\376\377\000W\000s\000t\001\031\000p}{}% 1
\BOOKMARK [0][-]{chapter.2}{\376\377\000A\000n\000a\000l\000i\000z\000a\000\040\000t\000e\000m\000a\000t\000u}{}% 2
\BOOKMARK [1][-]{section.2.1}{\376\377\000S\000f\000o\000r\000m\000u\001\102\000o\000w\000a\000n\000i\000e\000\040\000p\000r\000o\000b\000l\000e\000m\000u}{chapter.2}% 3
\BOOKMARK [1][-]{section.2.2}{\376\377\000O\000s\000a\000d\000z\000e\000n\000i\000e\000\040\000t\000e\000m\000a\000t\000u\000\040\000w\000\040\000k\000o\000n\000t\000e\000k\001\133\000c\000i\000e\000\040\000a\000k\000t\000u\000a\000l\000n\000e\000g\000o\000\040\000s\000t\000a\000n\000u\000\040\000w\000i\000e\000d\000z\000y}{chapter.2}% 4
\BOOKMARK [1][-]{section.2.3}{\376\377\000S\000t\000u\000d\000i\000a\000\040\000l\000i\000t\000e\000r\000a\000t\000u\000r\000o\000w\000e}{chapter.2}% 5
\BOOKMARK [0][-]{chapter.3}{\376\377\000W\000y\000m\000a\000g\000a\000n\000i\000a\000\040\000i\000\040\000n\000a\000r\000z\001\031\000d\000z\000i\000a}{}% 6
\BOOKMARK [1][-]{section.3.1}{\376\377\000K\000o\000m\000p\000o\000n\000e\000n\000t\000y\000,\000\040\000m\000o\000d\000u\001\102\000y\000\040\000i\000\040\000b\000i\000b\000l\000i\000o\000t\000e\000k\000i}{chapter.3}% 7
\BOOKMARK [1][-]{section.3.2}{\376\377\000W\000y\000m\000a\000g\000a\000n\000i\000a\000\040\000f\000u\000n\000k\000c\000j\000o\000n\000a\000l\000n\000e}{chapter.3}% 8
\BOOKMARK [1][-]{section.3.3}{\376\377\000W\000y\000m\000a\000g\000a\000n\000i\000a\000\040\000n\000i\000e\000f\000u\000n\000k\000c\000j\000o\000n\000a\000l\000n\000e}{chapter.3}% 9
\BOOKMARK [1][-]{section.3.4}{\376\377\000W\000y\000m\000a\000g\000a\000n\000i\000a\000\040\000s\000p\000r\000z\001\031\000t\000o\000w\000e\000\040\000i\000\040\000p\000r\000o\000g\000r\000a\000m\000o\000w\000e}{chapter.3}% 10
\BOOKMARK [2][-]{subsection.3.4.1}{\376\377\000W\000y\000m\000a\000g\000a\000n\000i\000a\000\040\000d\000l\000a\000\040\000u\001\174\000y\000t\000k\000o\000w\000n\000i\000k\000\363\000w\000\040\000k\000o\001\104\000c\000o\000w\000y\000c\000h}{section.3.4}% 11
\BOOKMARK [2][-]{subsection.3.4.2}{\376\377\000W\000y\000m\000a\000g\000a\000n\000i\000a\000\040\000d\000l\000a\000\040\001\133\000r\000o\000d\000o\000w\000i\000s\000k\000a\000\040\000s\000e\000r\000w\000e\000r\000o\000w\000e\000g\000o}{section.3.4}% 12
\BOOKMARK [1][-]{section.3.5}{\376\377\000P\000r\000z\000y\000p\000a\000d\000k\000i\000\040\000u\001\174\000y\000c\000i\000a}{chapter.3}% 13
\BOOKMARK [0][-]{chapter.4}{\376\377\000S\000p\000e\000c\000y\000f\000i\000k\000a\000c\000j\000a\000\040\000z\000e\000w\000n\001\031\000t\000r\000z\000n\000a}{}% 14
\BOOKMARK [1][-]{section.4.1}{\376\377\000W\000y\000m\000a\000g\000a\000n\000i\000a\000\040\000s\000p\000r\000z\001\031\000t\000o\000w\000e\000\040\000i\000\040\000p\000r\000o\000g\000r\000a\000m\000o\000w\000e}{chapter.4}% 15
\BOOKMARK [2][-]{subsection.4.1.1}{\376\377\000W\000y\000m\000a\000g\000a\000n\000i\000a\000\040\000p\000r\000o\000g\000r\000a\000m\000o\000w\000e}{section.4.1}% 16
\BOOKMARK [1][-]{section.4.2}{\376\377\000K\000a\000t\000e\000g\000o\000r\000i\000e\000\040\000u\001\174\000y\000t\000k\000o\000w\000n\000i\000k\000\363\000w}{chapter.4}% 17
\BOOKMARK [1][-]{section.4.3}{\376\377\000S\000p\000o\000s\000\363\000b\000\040\000o\000b\000s\001\102\000u\000g\000i}{chapter.4}% 18
\BOOKMARK [1][-]{section.4.4}{\376\377\000A\000d\000m\000i\000n\000i\000s\000t\000r\000a\000c\000j\000a\000\040\000s\000y\000s\000t\000e\000m\000e\000m}{chapter.4}% 19
\BOOKMARK [1][-]{section.4.5}{\376\377\000K\000w\000e\000s\000t\000i\000e\000\040\000b\000e\000z\000p\000i\000e\000c\000z\000e\001\104\000s\000t\000w\000a}{chapter.4}% 20
\BOOKMARK [1][-]{section.4.6}{\376\377\000P\000r\000z\000y\000k\001\102\000a\000d\000\040\000d\000z\000i\000a\001\102\000a\000n\000i\000a}{chapter.4}% 21
\BOOKMARK [2][-]{subsection.4.6.1}{\376\377\000R\000o\000z\000p\000o\000c\000z\001\031\000c\000i\000e\000\040\000p\000r\000a\000c\000y\000\040\000z\000\040\000s\000y\000s\000t\000e\000m\000e\000m}{section.4.6}% 22
\BOOKMARK [2][-]{subsection.4.6.2}{\376\377\000P\000a\000n\000e\000l\000\040\000g\001\102\000\363\000w\000n\000y\000\040\000i\000\040\000p\000o\000d\000s\000t\000a\000w\000o\000w\000e\000\040\000f\000u\000n\000k\000c\000j\000e}{section.4.6}% 23
\BOOKMARK [2][-]{subsection.4.6.3}{\376\377\000P\000r\000o\000c\000e\000s\000\040\000t\000r\000a\000n\000s\000k\000r\000y\000p\000c\000j\000i}{section.4.6}% 24
\BOOKMARK [2][-]{subsection.4.6.4}{\376\377\000Z\000a\000r\000z\001\005\000d\000z\000a\000n\000i\000e\000\040\000t\000r\000a\000n\000s\000k\000r\000y\000p\000c\000j\000a\000m\000i}{section.4.6}% 25
\BOOKMARK [2][-]{subsection.4.6.5}{\376\377\000P\000e\000r\000s\000o\000n\000a\000l\000i\000z\000a\000c\000j\000a\000\040\000i\000\040\000u\000s\000t\000a\000w\000i\000e\000n\000i\000a}{section.4.6}% 26
\BOOKMARK [2][-]{subsection.4.6.6}{\376\377\000W\000s\000p\000a\000r\000c\000i\000e\000\040\000u\001\174\000y\000t\000k\000o\000w\000n\000i\000k\000a}{section.4.6}% 27
\BOOKMARK [0][-]{chapter.5}{\376\377\000S\000p\000e\000c\000y\000f\000i\000k\000a\000c\000j\000a\000\040\000w\000e\000w\000n\001\031\000t\000r\000z\000n\000a}{}% 28
\BOOKMARK [1][-]{section.5.1}{\376\377\000P\000r\000z\000e\000d\000s\000t\000a\000w\000i\000e\000n\000i\000e\000\040\000i\000d\000e\000i}{chapter.5}% 29
\BOOKMARK [1][-]{section.5.2}{\376\377\000A\000r\000c\000h\000i\000t\000e\000k\000t\000u\000r\000a\000\040\000s\000y\000s\000t\000e\000m\000u}{chapter.5}% 30
\BOOKMARK [1][-]{section.5.3}{\376\377\000O\000p\000i\000s\000\040\000s\000t\000r\000u\000k\000t\000u\000r\000\040\000d\000a\000n\000y\000c\000h\000\040\000i\000\040\000o\000r\000g\000a\000n\000i\000z\000a\000c\000j\000i\000\040\000b\000a\000z\000y\000\040\000d\000a\000n\000y\000c\000h}{chapter.5}% 31
\BOOKMARK [1][-]{section.5.4}{\376\377\000S\000k\000r\000y\000p\000t\000y\000\040\000d\000e\000w\000e\000l\000o\000p\000e\000r\000s\000k\000i\000e}{chapter.5}% 32
\BOOKMARK [1][-]{section.5.5}{\376\377\000P\000r\000z\000e\000g\000l\001\005\000d\000\040\000w\000a\001\174\000n\000i\000e\000j\000s\000z\000y\000c\000h\000\040\000a\000l\000g\000o\000r\000y\000t\000m\000\363\000w}{chapter.5}% 33
\BOOKMARK [1][-]{section.5.6}{\376\377\000S\000z\000c\000z\000e\000g\000\363\001\102\000y\000\040\000i\000m\000p\000l\000e\000m\000e\000n\000t\000a\000c\000j\000i\000\040\000w\000y\000b\000r\000a\000n\000y\000c\000h\000\040\000f\000r\000a\000g\000m\000e\000n\000t\000\363\000w}{chapter.5}% 34
\BOOKMARK [2][-]{subsection.5.6.1}{\376\377\000I\000m\000p\000l\000e\000m\000e\000n\000t\000a\000c\000j\000a\000\040\000m\000o\000d\000e\000l\000u\000\040\000t\000r\000a\000n\000s\000k\000r\000y\000p\000c\000j\000i}{section.5.6}% 35
\BOOKMARK [2][-]{subsection.5.6.2}{\376\377\000I\000m\000p\000l\000e\000m\000e\000n\000t\000a\000c\000j\000a\000\040\000s\000y\000s\000t\000e\000m\000u\000\040\000k\000o\000l\000e\000j\000k\000o\000w\000a\000n\000i\000a\000\040\000t\000r\000a\000n\000s\000k\000r\000y\000p\000c\000j\000i}{section.5.6}% 36
\BOOKMARK [2][-]{subsection.5.6.3}{\376\377\000I\000m\000p\000l\000e\000m\000e\000n\000t\000a\000c\000j\000a\000\040\000s\000y\000s\000t\000e\000m\000u\000\040\000S\000S\000E\000\040\000d\000o\000\040\000m\000o\000n\000i\000t\000o\000r\000o\000w\000a\000n\000i\000a\000\040\000p\000o\000s\000t\001\031\000p\000u}{section.5.6}% 37
\BOOKMARK [1][-]{section.5.7}{\376\377\000D\000i\000a\000g\000r\000a\000m\000y\000\040\000U\000M\000L}{chapter.5}% 38
\BOOKMARK [0][-]{chapter.6}{\376\377\000M\000o\000d\000e\000l\000\040\000t\000r\000a\000n\000s\000k\000r\000y\000p\000c\000j\000i}{}% 39
\BOOKMARK [1][-]{section.6.1}{\376\377\000A\000r\000c\000h\000i\000t\000e\000k\000t\000u\000r\000a\000\040\000m\000o\000d\000e\000l\000u}{chapter.6}% 40
\BOOKMARK [1][-]{section.6.2}{\376\377\000P\000r\000o\000c\000e\000s\000\040\000u\000c\000z\000e\000n\000i\000a}{chapter.6}% 41
\BOOKMARK [2][-]{subsection.6.2.1}{\376\377\000P\000r\000z\000e\000t\000w\000a\000r\000z\000a\000n\000i\000e\000\040\000w\000s\000t\001\031\000p\000n\000e\000\040\000d\000a\000n\000y\000c\000h}{section.6.2}% 42
\BOOKMARK [2][-]{subsection.6.2.2}{\376\377\000P\000a\000r\000a\000m\000e\000t\000r\000y\000\040\000t\000r\000e\000n\000i\000n\000g\000u}{section.6.2}% 43
\BOOKMARK [2][-]{subsection.6.2.3}{\376\377\000F\000u\000n\000k\000c\000j\000a\000\040\000s\000t\000r\000a\000t\000y}{section.6.2}% 44
\BOOKMARK [1][-]{section.6.3}{\376\377\000W\000n\000i\000o\000s\000k\000o\000w\000a\000n\000i\000e}{chapter.6}% 45
\BOOKMARK [0][-]{chapter.7}{\376\377\000W\000e\000r\000y\000f\000i\000k\000a\000c\000j\000a\000\040\000i\000\040\000w\000a\000l\000i\000d\000a\000c\000j\000a}{}% 46
\BOOKMARK [1][-]{section.7.1}{\376\377\000O\000r\000g\000a\000n\000i\000z\000a\000c\000j\000a\000\040\000t\000e\000s\000t\000\363\000w}{chapter.7}% 47
\BOOKMARK [2][-]{subsection.7.1.1}{\376\377\000T\000e\000s\000t\000y\000\040\000j\000e\000d\000n\000o\000s\000t\000k\000o\000w\000e\000\040\000\050\000U\000n\000i\000t\000\040\000T\000e\000s\000t\000s\000\051}{section.7.1}% 48
\BOOKMARK [2][-]{subsection.7.1.2}{\376\377\000T\000e\000s\000t\000y\000\040\000i\000n\000t\000e\000g\000r\000a\000c\000y\000j\000n\000e}{section.7.1}% 49
\BOOKMARK [1][-]{section.7.2}{\376\377\000P\000r\000z\000y\000p\000a\000d\000k\000i\000\040\000t\000e\000s\000t\000o\000w\000e\000\040\000i\000\040\000w\000y\000k\000r\000y\000t\000e\000\040\000b\001\102\001\031\000d\000y}{chapter.7}% 50
\BOOKMARK [2][-]{subsection.7.2.1}{\376\377\000T\000e\000s\000t\000y\000\040\000a\000u\000t\000o\000m\000a\000t\000y\000c\000z\000n\000e}{section.7.2}% 51
\BOOKMARK [2][-]{subsection.7.2.2}{\376\377\000T\000e\000s\000t\000y\000\040\000m\000a\000n\000u\000a\000l\000n\000e}{section.7.2}% 52
\BOOKMARK [1][-]{section.7.3}{\376\377\000T\000e\000s\000t\000o\000w\000a\000n\000i\000e\000\040\000w\000y\000d\000a\000j\000n\000o\001\133\000c\000i}{chapter.7}% 53
\BOOKMARK [1][-]{section.7.4}{\376\377\000N\000a\000j\000w\000a\001\174\000n\000i\000e\000j\000s\000z\000e\000\040\000p\000o\000k\000r\000y\000c\000i\000e\000\040\000t\000e\000s\000t\000a\000m\000i}{chapter.7}% 54
\BOOKMARK [1][-]{section.7.5}{\376\377\000P\000o\000r\000\363\000w\000n\000a\000n\000i\000e\000\040\000w\000y\000g\000e\000n\000e\000r\000o\000w\000a\000n\000y\000c\000h\000\040\000i\000\040\000o\000r\000y\000g\000i\000n\000a\000l\000n\000y\000c\000h\000\040\000p\000a\000r\000t\000y\000t\000u\000r}{chapter.7}% 55
\BOOKMARK [2][-]{subsection.7.5.1}{\376\377\000F\000.\000\040\000C\000h\000o\000p\000i\000n\000\040\000-\000\040\000E\000t\000i\000u\000d\000a\000\040\000o\000p\000.\000\040\0001\0000\000\040\000n\000r\000\040\0005}{section.7.5}% 56
\BOOKMARK [2][-]{subsection.7.5.2}{\376\377\000L\000.\000\040\000v\000a\000n\000\040\000B\000e\000e\000t\000h\000o\000v\000e\000n\000\040\000-\000\040\000S\000o\000n\000a\000t\000a\000\040\000o\000p\000.\000\040\0005\0003\000\040\000n\000r\000\040\0002\0001\000\040\000"\000W\000a\000l\000d\000s\000t\000e\000i\000n\000"\000,\000\040\000A\000l\000l\000e\000g\000r\000o\000\040\000c\000o\000n\000\040\000b\000r\000i\000o}{section.7.5}% 57
\BOOKMARK [2][-]{subsection.7.5.3}{\376\377\000L\000.\000\040\000v\000a\000n\000\040\000B\000e\000e\000t\000h\000o\000v\000e\000n\000\040\000-\000\040\000S\000o\000n\000a\000t\000a\000\040\000o\000p\000.\000\040\0001\0003\000\040\000n\000r\000\040\0008\000\040\000"\000P\000a\000t\000e\000t\000y\000c\000z\000n\000a\000"\000,\000\040\000A\000d\000a\000g\000i\000o\000\040\000c\000a\000n\000t\000a\000b\000i\000l\000e}{section.7.5}% 58
\BOOKMARK [0][-]{chapter.8}{\376\377\000P\000o\000d\000s\000u\000m\000o\000w\000a\000n\000i\000e\000\040\000i\000\040\000w\000n\000i\000o\000s\000k\000i}{}% 59
\BOOKMARK [0][-]{chapter*.50}{\376\377\000B\000i\000b\000l\000i\000o\000g\000r\000a\000f\000i\000a}{}% 60
\BOOKMARK [0][-]{appendix*.51}{\376\377\000L\000i\000s\000t\000a\000\040\000d\000o\000d\000a\000t\000k\000o\000w\000y\000c\000h\000\040\000p\000l\000i\000k\000\363\000w\000,\000\040\000u\000z\000u\000p\000e\001\102\000n\000i\000a\000j\001\005\000c\000y\000c\000h\000\040\000t\000e\000k\000s\000t\000\040\000p\000r\000a\000c\000y}{}% 61
\BOOKMARK [0][-]{appendix*.52}{\376\377\000S\000p\000i\000s\000\040\000r\000y\000s\000u\000n\000k\000\363\000w}{}% 62
\BOOKMARK [0][-]{appendix*.53}{\376\377\000S\000p\000i\000s\000\040\000t\000a\000b\000e\000l}{}% 63
